// Jest Snapshot v1, https://goo.gl/fbAQLP

exports[`FilterLinkContainer component renders FilterLinkContainer correctly 1`] = `
<FilterLink
  active={true}
  handleFilter={[Function]}
>
  All
</FilterLink>
`;
