// Jest Snapshot v1, https://goo.gl/fbAQLP

exports[`FilterLink component renders FilterLink correctly 1`] = `
<button
  onClick={[Function]}
>
  All
</button>
`;
